// Jest Snapshot v1, https://goo.gl/fbAQLP

exports[`get-version range versions - envconsul should match ^0 versions 1`] = `"0.12.1"`;

exports[`get-version range versions - envconsul should match 0.*.* versions 1`] = `"0.12.1"`;

exports[`get-version range versions - envconsul should match 0.2.* versions 1`] = `"0.2.0"`;

exports[`get-version range versions - envconsul should match 0.12.1 versions 1`] = `"0.12.1"`;

exports[`get-version range versions - envconsul should match 0.12.1 versions 2`] = `"0.12.1"`;

exports[`get-version range versions - envconsul should match latest versions 1`] = `"0.12.1"`;

exports[`get-version range versions - envconsul should match v0.*.* versions 1`] = `"0.12.1"`;

exports[`get-version range versions - envconsul should match v0.12.* versions 1`] = `"0.12.1"`;

exports[`get-version range versions - envconsul should match v0.12.0 versions 1`] = `"0.12.0"`;

exports[`get-version range versions - nomad should match latest versions 1`] = `"1.3.0-beta.1+ent"`;

exports[`get-version range versions - nomad should match v1.2 versions 1`] = `"1.2.6"`;

exports[`get-version range versions - packer should match latest versions 1`] = `"1.8.0"`;
